     1                                  ; Simple x86 assembly program to print each word of a sentence on a new line
     2                                  ; Uses 32-bit NASM syntax
     3                                  bits 32
     4                                  ; Declare entry point and external functions
     5                                      global start
     6                                      extern exit, gets, printf
     7                                      import exit msvcrt.dll
     8                                      import gets msvcrt.dll
     9                                      import printf msvcrt.dll
    10                                  
    11                                  segment data use32 class=data
    12 00000000 257300                      format_input db "%s", 0   ; Format for gets
    13 00000003 00<rept>                    text times 200 db 0        ; Buffer for input text
    14 000000CB 25730A00                    format_newline db "%s", 10, 0 ; Format for printf with newline
    15 000000CF 00<rept>                    cuvant_invers times 50 db 0
    16                                  
    17                                  segment code use32 class=code
    18                                  start:
    19                                      ; Read input from user
    20 00000000 68[03000000]                push text                  ; Address of input buffer
    21 00000005 FF15[00000000]              call [gets]                ; Read string using gets
    22 0000000B 83C404                      add esp, 4                 ; Clean up the stack
    23                                  
    24 0000000E BE[03000000]                mov esi, text              ; Point to the beginning of the text
    25 00000013 BA2D000000                  mov edx, 45
    26                                  print_words:
    27 00000018 89F7                        mov edi, esi  
    28 0000001A BA2D000000                  mov edx, 45; Start of the current word
    29                                  
    30                                  find_word:
    31 0000001F 8A06                        mov al, [esi]
    32 00000021 3C00                        cmp al, 0                  ; Check for end of string
    33 00000023 742E                        je print_last_word
    34 00000025 B900000000                  mov ecx, 0
    35                                      
    36 0000002A 3C20                        cmp al, ' '
    37                                  
    38 0000002C 740A                        je print_word
    39 0000002E 8882[CF000000]              mov byte [cuvant_invers + edx], al
    40 00000034 4A                          dec edx
    41                                  
    42                                  
    43 00000035 46                          inc esi
    44 00000036 EBE7                        jmp find_word
    45                                  
    46                                  
    47                                  
    48                                      
    49                                  
    50                                  
    51                                     
    52                                  print_word:
    53 00000038 C60600                      mov byte [esi], 0 
    54 0000003B 8DBA[D0000000]              lea edi, [cuvant_invers + edx + 1]; Null-terminate the current word
    55                                               ; Push address of the word
    56 00000041 57                          push edi
    57 00000042 68[CB000000]                push format_newline        ; Push format string
    58 00000047 FF15[00000000]              call [printf]              ; Print the word
    59 0000004D 83C408                      add esp, 8                 ; Clean up the stack
    60 00000050 46                          inc esi                    ; Move to the next character
    61 00000051 EBC5                        jmp print_words
    62                                  
    63                                  print_last_word:
    64 00000053 39FE                        cmp esi, edi               ; Check if there's any word left to print
    65 00000055 7419                        je end_program             ; If no word left, end the program
    66 00000057 C60600                      mov byte [esi], 0 
    67 0000005A 8DBA[D0000000]              lea edi, [cuvant_invers + edx + 1]; Null-terminate the current word
    68                                               ; Push address of the word
    69 00000060 57                          push edi
    70 00000061 68[CB000000]                push format_newline        ; Push format string
    71 00000066 FF15[00000000]              call [printf]              ; Print the word
    72 0000006C 83C408                      add esp, 8                 ; Clean up the stack
    73 0000006F 46                          inc esi               ; Clean up the stack
    74                                  
    75                                  end_program:
    76 00000070 6A00                        push dword 0               ; Exit program
    77 00000072 FF15[00000000]              call [exit]
