     1                                  bits 32 ; assembling for the 32 bits architecture
     2                                  
     3                                  ; declare the EntryPoint (a label defining the very first instruction of the program)
     4                                  global start        
     5                                  
     6                                  ; declare external functions needed by our program
     7                                  extern exit, printf, scanf ; add printf and scanf as extern functions            
     8                                  import exit msvcrt.dll    
     9                                  import printf msvcrt.dll    ; tell the assembler that function printf is found in msvcrt.dll library
    10                                  import scanf msvcrt.dll    ; exit is a function that ends the calling process. It is defined in msvcrt.dll
    11                                                            ; msvcrt.dll contains exit, printf and all the other important C-runtime specific functions
    12                                  
    13                                  ; our data is declared here (the variables needed by our program)
    14                                  segment data use32 class=data
    15                                      ; ...
    16 00000000 00000000                    a dd 0
    17 00000004 00000000                    b dd 0
    18 00000008 256400                      format_citire db '%d', 0
    19 0000000B 256400                      format_afisare db '%d', 0
    20 0000000E 00000000                    rezultat dd 0
    21                                  
    22                                  ; our code starts here
    23                                  segment code use32 class=code
    24                                      start:
    25                                          ; ...
    26 00000000 68[00000000]                    push a
    27 00000005 68[0B000000]                    push format_afisare
    28 0000000A FF15[00000000]                  call [scanf]
    29 00000010 83C408                          add esp, 4 * 2
    30                                          
    31 00000013 68[04000000]                    push b
    32 00000018 68[0B000000]                    push format_afisare
    33 0000001D FF15[00000000]                  call [scanf]
    34 00000023 83C408                          add esp, 4 * 2
    35                                          
    36 00000026 A1[00000000]                    mov eax,[a]
    37 0000002B 0305[04000000]                  add eax, [b]
    38                                          
    39 00000031 8B0D[00000000]                  mov ecx, [a]
    40 00000037 2B0D[04000000]                  sub ecx, [b]
    41                                          
    42 0000003D F7E1                            mul ecx
    43                                          
    44 0000003F A3[0E000000]                    mov [rezultat], eax
    45                                          
    46 00000044 FF35[0E000000]                  push dword [rezultat]
    47 0000004A 68[0B000000]                    push format_afisare
    48 0000004F FF15[00000000]                  call [printf]
    49 00000055 83C408                          add esp, 4 * 2
    50                                          ; exit(0)
    51 00000058 6A00                            push    dword 0      ; push the parameter for exit onto the stack
    52 0000005A FF15[00000000]                  call    [exit]       ; call exit to terminate the program
