     1                                  bits 32
     2                                  
     3                                  global start        
     4                                  extern exit, printf, scanf               
     5                                  import exit msvcrt.dll
     6                                  import scanf msvcrt.dll
     7                                  import printf msvcrt.dll
     8                                  
     9                                  segment data use32 class=data
    10 00000000 00000000                    a dd 0                       
    11 00000004 256400                      format_cititre db '%d', 0
    12 00000007 257800                      format_afisare db '%x', 0
    13 0000000A 303132333435363738-         cifre_baza_16 db "0123456789ABCDEF", 0
    13 00000013 3941424344454600   
    14 0000001B 00<rept>                    rezultat times 100 db 0      
    15 0000007F 0000                        nr_cifre dw 0
    16                                  segment code use32 class=code
    17                                      start:
    18                                              
    19 00000000 68[00000000]                    push a 
    20 00000005 68[04000000]                    push format_cititre
    21 0000000A FF15[00000000]                  call [scanf]
    22 00000010 83C408                          add esp, 4 * 2
    23                                          
    24 00000013 FF35[00000000]                  push dword [a]
    25 00000019 68[07000000]                    push format_afisare
    26 0000001E FF15[00000000]                  call [printf]
    27 00000024 83C408                          add esp, 4 * 2
    28                                          
    29                                          final:
    30 00000027 6A00                            push dword 0             ; Terminare program
    31 00000029 FF15[00000000]                  call [exit]  
